// Jest Snapshot v1, https://goo.gl/fbAQLP

exports[`Sidebar component renders the UI as expected 1`] = `
<BrowserRouter>
  <Router
    history={
      Object {
        "action": "POP",
        "block": [Function],
        "createHref": [Function],
        "go": [Function],
        "goBack": [Function],
        "goForward": [Function],
        "length": 1,
        "listen": [Function],
        "location": Object {
          "hash": "",
          "pathname": "/",
          "search": "",
          "state": undefined,
        },
        "push": [Function],
        "replace": [Function],
      }
    }
  >
    <Sidebar>
      <SidebarError>
        <Route
          component={[Function]}
          exact={true}
          path={
            Array [
              "/",
              "/folder/:folderId",
              "/add-folder",
              "/add-note",
            ]
          }
        >
          <SidebarLinks
            history={
              Object {
                "action": "POP",
                "block": [Function],
                "createHref": [Function],
                "go": [Function],
                "goBack": [Function],
                "goForward": [Function],
                "length": 1,
                "listen": [Function],
                "location": Object {
                  "hash": "",
                  "pathname": "/",
                  "search": "",
                  "state": undefined,
                },
                "push": [Function],
                "replace": [Function],
              }
            }
            location={
              Object {
                "hash": "",
                "pathname": "/",
                "search": "",
                "state": undefined,
              }
            }
            match={
              Object {
                "isExact": true,
                "params": Object {},
                "path": "/",
                "url": "/",
              }
            }
          >
            <nav
              className="sidebar"
            >
              <p>
                Loading...
              </p>
              <NavLink
                activeClassName="highlighted"
                className="folder-link"
                to="/add-folder"
              >
                <Link
                  aria-current={null}
                  className="folder-link"
                  to={
                    Object {
                      "hash": "",
                      "pathname": "/add-folder",
                      "search": "",
                      "state": null,
                    }
                  }
                >
                  <LinkAnchor
                    aria-current={null}
                    className="folder-link"
                    href="/add-folder"
                    navigate={[Function]}
                  >
                    <a
                      aria-current={null}
                      className="folder-link"
                      href="/add-folder"
                      onClick={[Function]}
                    >
                      Add folder
                    </a>
                  </LinkAnchor>
                </Link>
              </NavLink>
            </nav>
          </SidebarLinks>
        </Route>
        <Route
          component={[Function]}
          path={
            Array [
              "/note/:noteId",
              "/update-note/:noteId",
            ]
          }
        />
      </SidebarError>
    </Sidebar>
  </Router>
</BrowserRouter>
`;
