// Jest Snapshot v1, https://goo.gl/fbAQLP

exports[`Main component renders the UI as expected 1`] = `
<BrowserRouter>
  <Router
    history={
      Object {
        "action": "POP",
        "block": [Function],
        "createHref": [Function],
        "go": [Function],
        "goBack": [Function],
        "goForward": [Function],
        "length": 1,
        "listen": [Function],
        "location": Object {
          "hash": "",
          "pathname": "/",
          "search": "",
          "state": undefined,
        },
        "push": [Function],
        "replace": [Function],
      }
    }
  >
    <Main>
      <main>
        <NotesError>
          <Route
            component={[Function]}
            exact={true}
            path="/"
          >
            <NotesList
              history={
                Object {
                  "action": "POP",
                  "block": [Function],
                  "createHref": [Function],
                  "go": [Function],
                  "goBack": [Function],
                  "goForward": [Function],
                  "length": 1,
                  "listen": [Function],
                  "location": Object {
                    "hash": "",
                    "pathname": "/",
                    "search": "",
                    "state": undefined,
                  },
                  "push": [Function],
                  "replace": [Function],
                }
              }
              location={
                Object {
                  "hash": "",
                  "pathname": "/",
                  "search": "",
                  "state": undefined,
                }
              }
              match={
                Object {
                  "isExact": true,
                  "params": Object {},
                  "path": "/",
                  "url": "/",
                }
              }
            >
              <section
                className="notes"
              >
                <h2>
                  Loading...
                </h2>
              </section>
            </NotesList>
          </Route>
          <Route
            component={[Function]}
            path="/note/:noteId"
          />
          <Route
            component={[Function]}
            path="/folder/:folderId"
          />
        </NotesError>
        <AddFolderError>
          <Route
            component={[Function]}
            path="/add-folder"
          />
          <Route
            component={[Function]}
            path="/update-folder/:folderId"
          />
        </AddFolderError>
        <AddNoteError>
          <Route
            component={[Function]}
            path="/add-note"
          />
          <Route
            component={[Function]}
            path="/update-note/:noteId"
          />
        </AddNoteError>
      </main>
    </Main>
  </Router>
</BrowserRouter>
`;
