// Jest Snapshot v1, https://goo.gl/fbAQLP

exports[`Main component renders the UI as expected 1`] = `
<BrowserRouter>
  <Router
    history={
      Object {
        "action": "POP",
        "block": [Function],
        "createHref": [Function],
        "go": [Function],
        "goBack": [Function],
        "goForward": [Function],
        "length": 1,
        "listen": [Function],
        "location": Object {
          "hash": "",
          "pathname": "/",
          "search": "",
          "state": undefined,
        },
        "push": [Function],
        "replace": [Function],
      }
    }
  >
    <Main>
      <main>
        <NotesError>
          <Route
            component={[Function]}
            exact={true}
            path="/"
          >
            <NotesList
              history={
                Object {
                  "action": "POP",
                  "block": [Function],
                  "createHref": [Function],
                  "go": [Function],
                  "goBack": [Function],
                  "goForward": [Function],
                  "length": 1,
                  "listen": [Function],
                  "location": Object {
                    "hash": "",
                    "pathname": "/",
                    "search": "",
                    "state": undefined,
                  },
                  "push": [Function],
                  "replace": [Function],
                }
              }
              location={
                Object {
                  "hash": "",
                  "pathname": "/",
                  "search": "",
                  "state": undefined,
                }
              }
              match={
                Object {
                  "isExact": true,
                  "params": Object {},
                  "path": "/",
                  "url": "/",
                }
              }
            >
              <section
                className="notes"
              >
                <ul />
                <Link
                  to={
                    Object {
                      "pathname": "/add-note",
                      "state": Object {
                        "folderId": null,
                      },
                    }
                  }
                >
                  <LinkAnchor
                    href="/add-note"
                    navigate={[Function]}
                  >
                    <a
                      href="/add-note"
                      onClick={[Function]}
                    >
                      Add note
                    </a>
                  </LinkAnchor>
                </Link>
              </section>
            </NotesList>
          </Route>
          <Route
            component={[Function]}
            path="/note/:noteId"
          />
          <Route
            component={[Function]}
            path="/folder/:folderId"
          />
        </NotesError>
        <AddFolderError>
          <Route
            component={[Function]}
            path="/add-folder"
          />
        </AddFolderError>
        <AddNoteError>
          <Route
            component={[Function]}
            path="/add-note"
          />
        </AddNoteError>
      </main>
    </Main>
  </Router>
</BrowserRouter>
`;
