// Jest Snapshot v1, https://goo.gl/fbAQLP

exports[`SidebarLinks component renders an error message when an error is passed in context 1`] = `
<BrowserRouter>
  <Router
    history={
      Object {
        "action": "POP",
        "block": [Function],
        "createHref": [Function],
        "go": [Function],
        "goBack": [Function],
        "goForward": [Function],
        "length": 1,
        "listen": [Function],
        "location": Object {
          "hash": "",
          "pathname": "/",
          "search": "",
          "state": undefined,
        },
        "push": [Function],
        "replace": [Function],
      }
    }
  >
    <SidebarLinks>
      <nav
        className="sidebar"
      >
        <p>
          Loading...
        </p>
        <NavLink
          activeClassName="highlighted"
          className="folder-link"
          to="/add-folder"
        >
          <Link
            aria-current={null}
            className="folder-link"
            to={
              Object {
                "hash": "",
                "pathname": "/add-folder",
                "search": "",
                "state": null,
              }
            }
          >
            <LinkAnchor
              aria-current={null}
              className="folder-link"
              href="/add-folder"
              navigate={[Function]}
            >
              <a
                aria-current={null}
                className="folder-link"
                href="/add-folder"
                onClick={[Function]}
              >
                Add folder
              </a>
            </LinkAnchor>
          </Link>
        </NavLink>
      </nav>
    </SidebarLinks>
  </Router>
</BrowserRouter>
`;

exports[`SidebarLinks component renders the UI as expected 1`] = `
<BrowserRouter>
  <Router
    history={
      Object {
        "action": "POP",
        "block": [Function],
        "createHref": [Function],
        "go": [Function],
        "goBack": [Function],
        "goForward": [Function],
        "length": 1,
        "listen": [Function],
        "location": Object {
          "hash": "",
          "pathname": "/",
          "search": "",
          "state": undefined,
        },
        "push": [Function],
        "replace": [Function],
      }
    }
  >
    <SidebarLinks>
      <nav
        className="sidebar"
      >
        <p>
          Loading...
        </p>
        <NavLink
          activeClassName="highlighted"
          className="folder-link"
          to="/add-folder"
        >
          <Link
            aria-current={null}
            className="folder-link"
            to={
              Object {
                "hash": "",
                "pathname": "/add-folder",
                "search": "",
                "state": null,
              }
            }
          >
            <LinkAnchor
              aria-current={null}
              className="folder-link"
              href="/add-folder"
              navigate={[Function]}
            >
              <a
                aria-current={null}
                className="folder-link"
                href="/add-folder"
                onClick={[Function]}
              >
                Add folder
              </a>
            </LinkAnchor>
          </Link>
        </NavLink>
      </nav>
    </SidebarLinks>
  </Router>
</BrowserRouter>
`;
