// Jest Snapshot v1, https://goo.gl/fbAQLP

exports[`ShortNote component renders an error message when the delete request fails 1`] = `
<BrowserRouter>
  <Router
    history={
      Object {
        "action": "POP",
        "block": [Function],
        "createHref": [Function],
        "go": [Function],
        "goBack": [Function],
        "goForward": [Function],
        "length": 1,
        "listen": [Function],
        "location": Object {
          "hash": "",
          "pathname": "/",
          "search": "",
          "state": undefined,
        },
        "push": [Function],
        "replace": [Function],
      }
    }
  >
    <ShortNote
      note={
        Object {
          "content": "Lorem ipsum...",
          "date_modified": "2020-06-29T16:02:09.859Z",
          "folder": 0,
          "id": 0,
          "name": "Placeholder name",
        }
      }
    >
      <li>
        <Link
          to="/note/0"
        >
          <LinkAnchor
            href="/note/0"
            navigate={[Function]}
          >
            <a
              href="/note/0"
              onClick={[Function]}
            >
              Placeholder name
            </a>
          </LinkAnchor>
        </Link>
        <p>
          Last modified on: Mon Jun 29 2020 12:02:09 GMT-0400 (Eastern Daylight Time)
        </p>
        <button
          onClick={[Function]}
          type="button"
        >
          Delete Note
        </button>
      </li>
    </ShortNote>
  </Router>
</BrowserRouter>
`;

exports[`ShortNote component renders the UI as expected 1`] = `
<BrowserRouter>
  <Router
    history={
      Object {
        "action": "POP",
        "block": [Function],
        "createHref": [Function],
        "go": [Function],
        "goBack": [Function],
        "goForward": [Function],
        "length": 1,
        "listen": [Function],
        "location": Object {
          "hash": "",
          "pathname": "/",
          "search": "",
          "state": undefined,
        },
        "push": [Function],
        "replace": [Function],
      }
    }
  >
    <ShortNote
      note={
        Object {
          "content": "Lorem ipsum...",
          "date_modified": "2020-06-29T16:02:09.859Z",
          "folder": 0,
          "id": 0,
          "name": "Placeholder name",
        }
      }
    >
      <li>
        <Link
          to="/note/0"
        >
          <LinkAnchor
            href="/note/0"
            navigate={[Function]}
          >
            <a
              href="/note/0"
              onClick={[Function]}
            >
              Placeholder name
            </a>
          </LinkAnchor>
        </Link>
        <p>
          Last modified on: Mon Jun 29 2020 12:02:09 GMT-0400 (Eastern Daylight Time)
        </p>
        <button
          onClick={[Function]}
          type="button"
        >
          Delete Note
        </button>
      </li>
    </ShortNote>
  </Router>
</BrowserRouter>
`;
